// Jest Snapshot v1, https://goo.gl/fbAQLP

exports[`mermaid generation: sample-dmmf 1`] = `
"\`\`\`mermaid
erDiagram
	User {
		Int id PK  "autoincrement()"
		String email
		String name  "nullable"
	}
	NotificationType {
		value newPosts
		value newComments
		value newFollowers
		value reply
		value heartOnPost
		value heartOnComment
		value heartOnReply
	}
	Language {
		value Typescript
		value Javascript
		value Rust
		value Go
		value Python
		value Cpp
	}
	State {
		value Active
		value Pending
		value Banned
	}

\`\`\`"
`;
